// Jest Snapshot v1, https://goo.gl/fbAQLP

exports[`Test de <GitItem/> debe de hacer match con el snaptshot 1`] = `
<div>
  <div
    class="card"
  >
    <img
      alt="Saitama"
      src="https://one-punch.com/saitama.jpg"
    />
    <p>
      Saitama
    </p>
  </div>
</div>
`;
